Try to exec code in rodata section
Got signal 11 -- exit!
