Should sleep for 3!
Remaining time: 3
Should not sleep!
