Try to write in rodata section
Got signal 11 -- exit!
