x: 128000, y: 0, z: 4000000, m: -1958, n: 2023, tm: 2087000, tn: 6047000 
