#!/bin/bash

cat - | sort | exec diff -B -w -u <(cat << EOT
bar init 0023 range 00001: 0000000000000023 (foobar)
bar init 0023 range 00001: 0000000000000023 (foobarbaz)
bar init 0023 range 00002: 0000000000000045 (foobar)
bar init 0023 range 00002: 0000000000000045 (foobarbaz)
bar init 0023 range 00004: 0000000000000109 (foobar)
bar init 0023 range 00004: 0000000000000109 (foobarbaz)
bar init 0023 range 00008: 00000000000010cb (foobar)
bar init 0023 range 00008: 00000000000010cb (foobarbaz)
bar init 0023 range 00016: 000000000010cf48 (foobar)
bar init 0023 range 00016: 000000000010cf48 (foobarbaz)
bar init 0023 range 00032: 00000010cf4586e8 (foobar)
bar init 0023 range 00032: 00000010cf4586e8 (foobarbaz)
bar init 0023 range 00064: 1f4586cf81d8d6e7 (foobar)
bar init 0023 range 00064: 1f4586cf81d8d6e7 (foobarbaz)
bar init 0023 range 00128: 1eeb8eb926d4cd99 (foobar)
bar init 0023 range 00128: 1eeb8eb926d4cd99 (foobarbaz)
bar init 0023 range 00256: 1eeb8ea02b1eda6a (foobar)
bar init 0023 range 00256: 1eeb8ea02b1eda6a (foobarbaz)
bar init 0023 range 00512: 1eeb8ea02b1eda6a (foobar)
bar init 0023 range 00512: 1eeb8ea02b1eda6a (foobarbaz)
bar init 0023 range 01024: 1eeb8ea02b1eda6a (foobar)
bar init 0023 range 01024: 1eeb8ea02b1eda6a (foobarbaz)
bar init 0023 range 02048: b441240a81b470c0 (foobar)
bar init 0023 range 02048: b441240a81b470c0 (foobarbaz)
bar init 0023 range 04096: b441240a81b470c0 (foobar)
bar init 0023 range 04096: b441240a81b470c0 (foobarbaz)
bar init 0023 range 08192: b441240a81b470c0 (foobar)
bar init 0023 range 08192: b441240a81b470c0 (foobarbaz)
bar init 0023 range 16384: b441240a81b470c0 (foobar)
bar init 0023 range 16384: b441240a81b470c0 (foobarbaz)
bar init 0042 range 00001: 0000000000000041 (foobar)
bar init 0042 range 00001: 0000000000000041 (foobarbaz)
bar init 0042 range 00002: 000000000000008b (foobar)
bar init 0042 range 00002: 000000000000008b (foobarbaz)
bar init 0042 range 00004: 0000000000000212 (foobar)
bar init 0042 range 00004: 0000000000000212 (foobarbaz)
bar init 0042 range 00008: 0000000000002196 (foobar)
bar init 0042 range 00008: 0000000000002196 (foobarbaz)
bar init 0042 range 00016: 0000000000219e86 (foobar)
bar init 0042 range 00016: 0000000000219e86 (foobarbaz)
bar init 0042 range 00032: 000000219e8b0d94 (foobar)
bar init 0042 range 00032: 000000219e8b0d94 (foobarbaz)
bar init 0042 range 00064: 968b0d9f03d17d80 (foobar)
bar init 0042 range 00064: 968b0d9f03d17d80 (foobarbaz)
bar init 0042 range 00128: 8d4873c5c6bc8083 (foobar)
bar init 0042 range 00128: 8d4873c5c6bc8083 (foobarbaz)
bar init 0042 range 00256: 8d48741d3bbccc0d (foobar)
bar init 0042 range 00256: 8d48741d3bbccc0d (foobarbaz)
bar init 0042 range 00512: 8d48741d3bbccc0d (foobar)
bar init 0042 range 00512: 8d48741d3bbccc0d (foobarbaz)
bar init 0042 range 01024: 8d48741d3bbccc0d (foobar)
bar init 0042 range 01024: 8d48741d3bbccc0d (foobarbaz)
bar init 0042 range 02048: 27e2deb7911666a7 (foobar)
bar init 0042 range 02048: 27e2deb7911666a7 (foobarbaz)
bar init 0042 range 04096: 27e2deb7911666a7 (foobar)
bar init 0042 range 04096: 27e2deb7911666a7 (foobarbaz)
bar init 0042 range 08192: 27e2deb7911666a7 (foobar)
bar init 0042 range 08192: 27e2deb7911666a7 (foobarbaz)
bar init 0042 range 16384: 27e2deb7911666a7 (foobar)
bar init 0042 range 16384: 27e2deb7911666a7 (foobarbaz)
bar init 1337 range 00001: 00000000000008de (foobar)
bar init 1337 range 00001: 00000000000008de (foobarbaz)
bar init 1337 range 00002: 00000000000011c2 (foobar)
bar init 1337 range 00002: 00000000000011c2 (foobarbaz)
bar init 1337 range 00004: 000000000000425f (foobar)
bar init 1337 range 00004: 000000000000425f (foobarbaz)
bar init 1337 range 00008: 0000000000043422 (foobar)
bar init 1337 range 00008: 0000000000043422 (foobarbaz)
bar init 1337 range 00016: 0000000004352821 (foobar)
bar init 1337 range 00016: 0000000004352821 (foobarbaz)
bar init 1337 range 00032: 0000043529411701 (foobar)
bar init 1337 range 00032: 0000043529411701 (foobarbaz)
bar init 1337 range 00064: 1e81177c50e93b49 (foobar)
bar init 1337 range 00064: 1e81177c50e93b49 (foobarbaz)
bar init 1337 range 00128: 1eeb8ea69208caf4 (foobar)
bar init 1337 range 00128: 1eeb8ea69208caf4 (foobarbaz)
bar init 1337 range 00256: 1eeb8ea02b1edb62 (foobar)
bar init 1337 range 00256: 1eeb8ea02b1edb62 (foobarbaz)
bar init 1337 range 00512: 1eeb8ea02b1edb62 (foobar)
bar init 1337 range 00512: 1eeb8ea02b1edb62 (foobarbaz)
bar init 1337 range 01024: 1eeb8ea02b1edb62 (foobar)
bar init 1337 range 01024: 1eeb8ea02b1edb62 (foobarbaz)
bar init 1337 range 02048: b441240a81b471c8 (foobar)
bar init 1337 range 02048: b441240a81b471c8 (foobarbaz)
bar init 1337 range 04096: b441240a81b471c8 (foobar)
bar init 1337 range 04096: b441240a81b471c8 (foobarbaz)
bar init 1337 range 08192: b441240a81b471c8 (foobar)
bar init 1337 range 08192: b441240a81b471c8 (foobarbaz)
bar init 1337 range 16384: b441240a81b471c8 (foobar)
bar init 1337 range 16384: b441240a81b471c8 (foobarbaz)
bar (no init) range 00128: 0000000000000000 (foobar)
bar (no init) range 00128: 0000000000000000 (foobar)
bar (no init) range 00128: 0000000000000000 (foobar)
bar (no init) range 00128: 0000000000000000 (foobarbaz)
bar (no init) range 00128: 0000000000000000 (foobarbaz)
bar (no init) range 00128: 0000000000000000 (foobarbaz)
baz init 0023 range 00001: 0a1656dbc0726323 (foobarbaz)
baz init 0023 range 00002: 8eefca0b4e91ad02 (foobarbaz)
baz init 0023 range 00004: 22f9a50df868851e (foobarbaz)
baz init 0023 range 00008: 4fb91c1d49fb6800 (foobarbaz)
baz init 0023 range 00016: dd4b0ecd36261f02 (foobarbaz)
baz init 0023 range 00032: ec2ee7a3decfb3a8 (foobarbaz)
baz init 0023 range 00064: 3d12da159cef461b (foobarbaz)
baz init 0023 range 00128: 126662d7bd84af45 (foobarbaz)
baz init 0023 range 00256: bc324b7060fbb3f8 (foobarbaz)
baz init 0023 range 00512: 2f79cc935fd96da1 (foobarbaz)
baz init 0023 range 01024: 1724500a54bc0763 (foobarbaz)
baz init 0023 range 02048: 9df75c0174a4c5fd (foobarbaz)
baz init 0023 range 04096: 1da0b503f9b51b80 (foobarbaz)
baz init 0023 range 08192: df4b841565e0dd3f (foobarbaz)
baz init 0023 range 16384: fe2f0fc1c0f569a3 (foobarbaz)
baz init 0042 range 00001: 83f0eead266b5139 (foobarbaz)
baz init 0042 range 00002: 1330dd1cf91883b7 (foobarbaz)
baz init 0042 range 00004: 88d17fdcdf3f1fca (foobarbaz)
baz init 0042 range 00008: 9fcbac46b0bb2c3e (foobarbaz)
baz init 0042 range 00016: 5542d071dd07f8e8 (foobarbaz)
baz init 0042 range 00032: b74be2bc9cdc0a0c (foobarbaz)
baz init 0042 range 00064: e2d158a779eb9ddf (foobarbaz)
baz init 0042 range 00128: 97bb7ef0efc58cf0 (foobarbaz)
baz init 0042 range 00256: e41609d22c0357ff (foobarbaz)
baz init 0042 range 00512: ce22effa526e52a8 (foobarbaz)
baz init 0042 range 01024: badb3f84dc4b1280 (foobarbaz)
baz init 0042 range 02048: 8e02e8911a24f0d0 (foobarbaz)
baz init 0042 range 04096: 2ec3d8e746fca597 (foobarbaz)
baz init 0042 range 08192: a6a78238f566ee9d (foobarbaz)
baz init 0042 range 16384: 07bfd3c9483d0e41 (foobarbaz)
baz init 1337 range 00001: 22213f1303913015 (foobarbaz)
baz init 1337 range 00002: b6c4632b5095c068 (foobarbaz)
baz init 1337 range 00004: 3f67b090f7e074e7 (foobarbaz)
baz init 1337 range 00008: 7c9d8b12f0d6d294 (foobarbaz)
baz init 1337 range 00016: 6ac99095b9dcff2c (foobarbaz)
baz init 1337 range 00032: a712a0e3281e4cc1 (foobarbaz)
baz init 1337 range 00064: 4e956dfafb7bd683 (foobarbaz)
baz init 1337 range 00128: bc6cf9801e37240b (foobarbaz)
baz init 1337 range 00256: f724630820af6805 (foobarbaz)
baz init 1337 range 00512: f36178ac39784874 (foobarbaz)
baz init 1337 range 01024: d6119e2eccf3ad0e (foobarbaz)
baz init 1337 range 02048: 69eb45e979454881 (foobarbaz)
baz init 1337 range 04096: b821086e5379ffa5 (foobarbaz)
baz init 1337 range 08192: 750fe1b8a71a8cd6 (foobarbaz)
baz init 1337 range 16384: cd47ac3e0e9fe97c (foobarbaz)
baz (no init) range 00128: 0000000000000000 (foobarbaz)
baz (no init) range 00128: 0000000000000000 (foobarbaz)
baz (no init) range 00128: 0000000000000000 (foobarbaz)
foo init 0023 range 00001: ac775723425eebbf (foobar)
foo init 0023 range 00001: ac775723425eebbf (foobarbaz)
foo init 0023 range 00002: 982dc468aed3cf4e (foobar)
foo init 0023 range 00002: 982dc468aed3cf4e (foobarbaz)
foo init 0023 range 00004: a4e0bfc1287ec6df (foobar)
foo init 0023 range 00004: a4e0bfc1287ec6df (foobarbaz)
foo init 0023 range 00008: 4e2346ad440ca226 (foobar)
foo init 0023 range 00008: 4e2346ad440ca226 (foobarbaz)
foo init 0023 range 00016: 6d8507abd044481d (foobar)
foo init 0023 range 00016: 6d8507abd044481d (foobarbaz)
foo init 0023 range 00032: f69c24aa13e8732f (foobar)
foo init 0023 range 00032: f69c24aa13e8732f (foobarbaz)
foo init 0023 range 00064: 6cc7f158d7483589 (foobar)
foo init 0023 range 00064: 6cc7f158d7483589 (foobarbaz)
foo init 0023 range 00128: 5fc53c8f8b528e65 (foobar)
foo init 0023 range 00128: 5fc53c8f8b528e65 (foobarbaz)
foo init 0023 range 00128: 5fc53c8f8b528e65 (main)
foo init 0023 range 00256: 764e94c734f17f55 (foobar)
foo init 0023 range 00256: 764e94c734f17f55 (foobarbaz)
foo init 0023 range 00256: 764e94c734f17f55 (main)
foo init 0023 range 00512: b0dda04c55c6ff36 (foobar)
foo init 0023 range 00512: b0dda04c55c6ff36 (foobarbaz)
foo init 0023 range 00512: b0dda04c55c6ff36 (main)
foo init 0023 range 01024: c6dc1993f1c7a511 (foobar)
foo init 0023 range 01024: c6dc1993f1c7a511 (foobarbaz)
foo init 0023 range 01024: c6dc1993f1c7a511 (main)
foo init 0023 range 02048: 26de5ca63c71dd46 (foobar)
foo init 0023 range 02048: 26de5ca63c71dd46 (foobarbaz)
foo init 0023 range 04096: fd77e67bf0391a86 (foobar)
foo init 0023 range 04096: fd77e67bf0391a86 (foobarbaz)
foo init 0023 range 08192: 156e8f342519c507 (foobar)
foo init 0023 range 08192: 156e8f342519c507 (foobarbaz)
foo init 0023 range 16384: 156e8f342519c507 (foobar)
foo init 0023 range 16384: 156e8f342519c507 (foobarbaz)
foo init 0042 range 00001: 1ee02e66945b99cd (foobar)
foo init 0042 range 00001: 1ee02e66945b99cd (foobarbaz)
foo init 0042 range 00002: 1ec9ccab70724441 (foobar)
foo init 0042 range 00002: 1ec9ccab70724441 (foobarbaz)
foo init 0042 range 00004: 68ea6b0d69180fd2 (foobar)
foo init 0042 range 00004: 68ea6b0d69180fd2 (foobarbaz)
foo init 0042 range 00008: e38154c81ee3be69 (foobar)
foo init 0042 range 00008: e38154c81ee3be69 (foobarbaz)
foo init 0042 range 00016: 95e8f90e1f72b93c (foobar)
foo init 0042 range 00016: 95e8f90e1f72b93c (foobarbaz)
foo init 0042 range 00032: 9402fa6aa407f39a (foobar)
foo init 0042 range 00032: 9402fa6aa407f39a (foobarbaz)
foo init 0042 range 00064: 1c044b8b47e0d168 (foobar)
foo init 0042 range 00064: 1c044b8b47e0d168 (foobarbaz)
foo init 0042 range 00128: d13351b4e87dea1c (foobar)
foo init 0042 range 00128: d13351b4e87dea1c (foobarbaz)
foo init 0042 range 00256: 5f4634d0ec39a028 (foobar)
foo init 0042 range 00256: 5f4634d0ec39a028 (foobarbaz)
foo init 0042 range 00512: 7104a50c980893c1 (foobar)
foo init 0042 range 00512: 7104a50c980893c1 (foobarbaz)
foo init 0042 range 01024: 372af21af4ab0fe0 (foobar)
foo init 0042 range 01024: 372af21af4ab0fe0 (foobarbaz)
foo init 0042 range 02048: 3e1af2a7d1b261cd (foobar)
foo init 0042 range 02048: 3e1af2a7d1b261cd (foobarbaz)
foo init 0042 range 04096: af00a5f80e0d1781 (foobar)
foo init 0042 range 04096: af00a5f80e0d1781 (foobarbaz)
foo init 0042 range 08192: 84509952cfeeda41 (foobar)
foo init 0042 range 08192: 84509952cfeeda41 (foobarbaz)
foo init 0042 range 16384: 84509952cfeeda41 (foobar)
foo init 0042 range 16384: 84509952cfeeda41 (foobarbaz)
foo init 1337 range 00001: 0e0d486075e523ab (foobar)
foo init 1337 range 00001: 0e0d486075e523ab (foobarbaz)
foo init 1337 range 00002: 9a4d82e3545e1a68 (foobar)
foo init 1337 range 00002: 9a4d82e3545e1a68 (foobarbaz)
foo init 1337 range 00004: 8aa1e7915f4f5f21 (foobar)
foo init 1337 range 00004: 8aa1e7915f4f5f21 (foobarbaz)
foo init 1337 range 00008: dd8adc306012d2d0 (foobar)
foo init 1337 range 00008: dd8adc306012d2d0 (foobarbaz)
foo init 1337 range 00016: 63535e4988063a8f (foobar)
foo init 1337 range 00016: 63535e4988063a8f (foobarbaz)
foo init 1337 range 00032: ad59b31bb8f16469 (foobar)
foo init 1337 range 00032: ad59b31bb8f16469 (foobarbaz)
foo init 1337 range 00064: d176629cc794979b (foobar)
foo init 1337 range 00064: d176629cc794979b (foobarbaz)
foo init 1337 range 00128: 74286939a5af435f (foobar)
foo init 1337 range 00128: 74286939a5af435f (foobarbaz)
foo init 1337 range 00256: 7f5ca3fee63ecdb7 (foobar)
foo init 1337 range 00256: 7f5ca3fee63ecdb7 (foobarbaz)
foo init 1337 range 00512: 0872d34af2366818 (foobar)
foo init 1337 range 00512: 0872d34af2366818 (foobarbaz)
foo init 1337 range 01024: d99a4265167a2183 (foobar)
foo init 1337 range 01024: d99a4265167a2183 (foobarbaz)
foo init 1337 range 02048: 67e2471f4c700890 (foobar)
foo init 1337 range 02048: 67e2471f4c700890 (foobarbaz)
foo init 1337 range 04096: 1f5bf21e2f5444c8 (foobar)
foo init 1337 range 04096: 1f5bf21e2f5444c8 (foobarbaz)
foo init 1337 range 08192: c5c3c3476b04dea3 (foobar)
foo init 1337 range 08192: c5c3c3476b04dea3 (foobarbaz)
foo init 1337 range 16384: c5c3c3476b04dea3 (foobar)
foo init 1337 range 16384: c5c3c3476b04dea3 (foobarbaz)
foo (no init) range 00128: 0000000000000000 (foobar)
foo (no init) range 00128: 0000000000000000 (foobar)
foo (no init) range 00128: 0000000000000000 (foobar)
foo (no init) range 00128: 0000000000000000 (foobarbaz)
foo (no init) range 00128: 0000000000000000 (foobarbaz)
foo (no init) range 00128: 0000000000000000 (foobarbaz)
EOT
) -
