fubar_func: 452433
tarfu_func: 73
 0. [start] (main.c:8)
 1. main_preinit_array_a (main.c:31)
 2. main_preinit_array_b (main.c:23)
 3. susfu_init_func (susfu.c:19)
 4. susfu_init_array_a (susfu.c:14)
 5. susfu_init_array_b (susfu.c:9)
 6. fubar_init_func (fubar.c:15)
 7. fubar_init_array (fubar.c:9)
 8. tarfu_init_func_a (tarfu.c:18)
 9. tarfu_init_func_b (tarfu.c:13)
10. tarfu_init_array (tarfu.c:8)
11. main_init_func (main.c:19)
12. main_init_array_a (main.c:15)
13. main_init_array_b (main.c:27)
14. main_init_array_c (main.c:11)
15. main (main.c:42)
16. fubar_func (fubar.c:30)
17. susfu_func (susfu.c:29)
18. fubar_helper (fubar.c:25)
19. tarfu_func (tarfu.c:29)
20. main (main.c:45)
