fubar_func: 452433
tarfu_func: 39787884
 0. [start] (main.c:8)
 1. main_preinit_array_a (main.c:31)
 2. main_preinit_array_b (main.c:23)
 3. susfu_init_func (susfu.c:19)
 4. susfu_init_array_a (susfu.c:14)
 5. susfu_init_array_b (susfu.c:9)
 6. fubar_init_func (fubar.c:15)
 7. fubar_init_array (fubar.c:9)
 8. snafu_init_func (snafu.c:14)
 9. snafu_init_array (snafu.c:9)
10. tarfu_init_func_a (tarfu.c:18)
11. tarfu_init_func_b (tarfu.c:13)
12. tarfu_init_array (tarfu.c:8)
13. preload_init_func (preload.c:15)
14. preload_init_array (preload.c:10)
15. main_init_func (main.c:19)
16. main_init_array_a (main.c:15)
17. main_init_array_b (main.c:27)
18. main_init_array_c (main.c:11)
19. main (main.c:42)
20. fubar_func (fubar.c:30)
21. susfu_func (susfu.c:29)
22. fubar_helper (fubar.c:25)
23. tarfu_func (preload.c:30)
24. preload_func (preload.c:25)
25. snafu_func (snafu.c:23)
26. fubar_helper (fubar.c:25)
27. fubar_func (fubar.c:30)
28. susfu_func (susfu.c:29)
29. fubar_helper (fubar.c:25)
30. main (main.c:45)
