Try to write on code segment
Got signal 11 -- exit!
