Try to exec code in data section
Got signal 11 -- exit!
