Hallo welt!
Hello world!
Hola mundo!
Bonjour monde!
