Try to write in relocation-read-only section
Got signal 11 -- exit!
