Try to execute code in relocation-read-only section
Got signal 11 -- exit!
